[0.256s] DEBUG:colcon:Command line arguments: ['/usr/bin/colcon', 'build', '--symlink-install']
[0.257s] DEBUG:colcon:Parsed command line arguments: Namespace(allow_overriding=[], ament_cmake_args=None, base_paths=['.'], build_base='build', catkin_cmake_args=None, catkin_skip_building_tests=False, cmake_args=None, cmake_clean_cache=False, cmake_clean_first=False, cmake_force_configure=False, cmake_target=None, cmake_target_skip_unavailable=False, continue_on_error=False, event_handlers=None, executor='parallel', ignore_user_meta=False, install_base='install', log_base=None, log_level=None, main=<bound method BuildVerb.main of <colcon_core.verb.build.BuildVerb object at 0x7f3365256940>>, merge_install=False, metas=['./colcon.meta'], packages_above=None, packages_above_and_dependencies=None, packages_above_depth=None, packages_end=None, packages_ignore=None, packages_ignore_regex=None, packages_select=None, packages_select_build_failed=False, packages_select_by_dep=None, packages_select_regex=None, packages_select_test_failures=False, packages_skip=None, packages_skip_build_finished=False, packages_skip_by_dep=None, packages_skip_regex=None, packages_skip_test_passed=False, packages_skip_up_to=None, packages_start=None, packages_up_to=None, packages_up_to_regex=None, parallel_workers=8, paths=None, symlink_install=True, test_result_base=None, verb_extension=<colcon_core.verb.build.BuildVerb object at 0x7f3365256940>, verb_name='build', verb_parser=<colcon_defaults.argument_parser.defaults.DefaultArgumentsDecorator object at 0x7f3365265040>)
[0.472s] Level 1:colcon.colcon_core.package_discovery:discover_packages(colcon_meta) check parameters
[0.472s] Level 1:colcon.colcon_core.package_discovery:discover_packages(recursive) check parameters
[0.473s] Level 1:colcon.colcon_core.package_discovery:discover_packages(ignore) check parameters
[0.473s] Level 1:colcon.colcon_core.package_discovery:discover_packages(path) check parameters
[0.473s] Level 1:colcon.colcon_core.package_discovery:discover_packages(colcon_meta) discover
[0.473s] Level 1:colcon.colcon_core.package_discovery:discover_packages(recursive) discover
[0.473s] INFO:colcon.colcon_core.package_discovery:Crawling recursively for packages in '/media/hpz/STOCKAGE2/Projet/robot_project/robot_project/robot_project/ros2_ws'
[0.473s] Level 1:colcon.colcon_core.package_identification:_identify(.) by extensions ['ignore', 'ignore_ament_install']
[0.473s] Level 1:colcon.colcon_core.package_identification:_identify(.) by extension 'ignore'
[0.473s] Level 1:colcon.colcon_core.package_identification:_identify(.) by extension 'ignore_ament_install'
[0.473s] Level 1:colcon.colcon_core.package_identification:_identify(.) by extensions ['colcon_pkg']
[0.473s] Level 1:colcon.colcon_core.package_identification:_identify(.) by extension 'colcon_pkg'
[0.473s] Level 1:colcon.colcon_core.package_identification:_identify(.) by extensions ['colcon_meta']
[0.473s] Level 1:colcon.colcon_core.package_identification:_identify(.) by extension 'colcon_meta'
[0.473s] Level 1:colcon.colcon_core.package_identification:_identify(.) by extensions ['ros']
[0.473s] Level 1:colcon.colcon_core.package_identification:_identify(.) by extension 'ros'
[0.499s] Level 1:colcon.colcon_core.package_identification:_identify(.) by extensions ['cmake', 'python']
[0.499s] Level 1:colcon.colcon_core.package_identification:_identify(.) by extension 'cmake'
[0.499s] Level 1:colcon.colcon_core.package_identification:_identify(.) by extension 'python'
[0.499s] Level 1:colcon.colcon_core.package_identification:_identify(.) by extensions ['python_setup_py']
[0.499s] Level 1:colcon.colcon_core.package_identification:_identify(.) by extension 'python_setup_py'
[0.500s] Level 1:colcon.colcon_core.package_identification:_identify(build) by extensions ['ignore', 'ignore_ament_install']
[0.500s] Level 1:colcon.colcon_core.package_identification:_identify(build) by extension 'ignore'
[0.500s] Level 1:colcon.colcon_core.package_identification:_identify(build) ignored
[0.500s] Level 1:colcon.colcon_core.package_identification:_identify(install) by extensions ['ignore', 'ignore_ament_install']
[0.500s] Level 1:colcon.colcon_core.package_identification:_identify(install) by extension 'ignore'
[0.500s] Level 1:colcon.colcon_core.package_identification:_identify(install) ignored
[0.500s] Level 1:colcon.colcon_core.package_identification:_identify(log) by extensions ['ignore', 'ignore_ament_install']
[0.500s] Level 1:colcon.colcon_core.package_identification:_identify(log) by extension 'ignore'
[0.500s] Level 1:colcon.colcon_core.package_identification:_identify(log) ignored
[0.500s] Level 1:colcon.colcon_core.package_identification:_identify(src) by extensions ['ignore', 'ignore_ament_install']
[0.501s] Level 1:colcon.colcon_core.package_identification:_identify(src) by extension 'ignore'
[0.501s] Level 1:colcon.colcon_core.package_identification:_identify(src) by extension 'ignore_ament_install'
[0.501s] Level 1:colcon.colcon_core.package_identification:_identify(src) by extensions ['colcon_pkg']
[0.501s] Level 1:colcon.colcon_core.package_identification:_identify(src) by extension 'colcon_pkg'
[0.501s] Level 1:colcon.colcon_core.package_identification:_identify(src) by extensions ['colcon_meta']
[0.501s] Level 1:colcon.colcon_core.package_identification:_identify(src) by extension 'colcon_meta'
[0.501s] Level 1:colcon.colcon_core.package_identification:_identify(src) by extensions ['ros']
[0.501s] Level 1:colcon.colcon_core.package_identification:_identify(src) by extension 'ros'
[0.501s] Level 1:colcon.colcon_core.package_identification:_identify(src) by extensions ['cmake', 'python']
[0.501s] Level 1:colcon.colcon_core.package_identification:_identify(src) by extension 'cmake'
[0.501s] Level 1:colcon.colcon_core.package_identification:_identify(src) by extension 'python'
[0.501s] Level 1:colcon.colcon_core.package_identification:_identify(src) by extensions ['python_setup_py']
[0.501s] Level 1:colcon.colcon_core.package_identification:_identify(src) by extension 'python_setup_py'
[0.501s] Level 1:colcon.colcon_core.package_identification:_identify(src/robot_pressure) by extensions ['ignore', 'ignore_ament_install']
[0.502s] Level 1:colcon.colcon_core.package_identification:_identify(src/robot_pressure) by extension 'ignore'
[0.502s] Level 1:colcon.colcon_core.package_identification:_identify(src/robot_pressure) by extension 'ignore_ament_install'
[0.502s] Level 1:colcon.colcon_core.package_identification:_identify(src/robot_pressure) by extensions ['colcon_pkg']
[0.502s] Level 1:colcon.colcon_core.package_identification:_identify(src/robot_pressure) by extension 'colcon_pkg'
[0.502s] Level 1:colcon.colcon_core.package_identification:_identify(src/robot_pressure) by extensions ['colcon_meta']
[0.502s] Level 1:colcon.colcon_core.package_identification:_identify(src/robot_pressure) by extension 'colcon_meta'
[0.502s] Level 1:colcon.colcon_core.package_identification:_identify(src/robot_pressure) by extensions ['ros']
[0.502s] Level 1:colcon.colcon_core.package_identification:_identify(src/robot_pressure) by extension 'ros'
[0.505s] DEBUG:colcon.colcon_core.package_identification:Package 'src/robot_pressure' with type 'ros.ament_python' and name 'robot_pressure'
[0.505s] Level 1:colcon.colcon_core.package_discovery:discover_packages(recursive) using defaults
[0.505s] Level 1:colcon.colcon_core.package_discovery:discover_packages(ignore) discover
[0.505s] Level 1:colcon.colcon_core.package_discovery:discover_packages(ignore) using defaults
[0.505s] Level 1:colcon.colcon_core.package_discovery:discover_packages(path) discover
[0.505s] Level 1:colcon.colcon_core.package_discovery:discover_packages(path) using defaults
[0.532s] Level 1:colcon.colcon_core.package_discovery:discover_packages(prefix_path) check parameters
[0.532s] Level 1:colcon.colcon_core.package_discovery:discover_packages(prefix_path) discover
[0.533s] WARNING:colcon.colcon_ros.prefix_path.ament:The path '/media/hpz/STOCKAGE2/Projet/robot_project/robot_project/robot_project/ros2_ws/install/robot_pressure' in the environment variable AMENT_PREFIX_PATH doesn't exist
[0.535s] DEBUG:colcon.colcon_installed_package_information.package_discovery:Found 0 installed packages in /media/hpz/STOCKAGE2/Projet/robot_project/robot_project/robot_project/ros2_ws/install
[0.539s] DEBUG:colcon.colcon_installed_package_information.package_discovery:Found 256 installed packages in /opt/ros/foxy
[0.544s] Level 1:colcon.colcon_core.package_discovery:discover_packages(prefix_path) using defaults
[0.641s] Level 5:colcon.colcon_core.verb:set package 'robot_pressure' build argument 'cmake_args' from command line to 'None'
[0.641s] Level 5:colcon.colcon_core.verb:set package 'robot_pressure' build argument 'cmake_target' from command line to 'None'
[0.641s] Level 5:colcon.colcon_core.verb:set package 'robot_pressure' build argument 'cmake_target_skip_unavailable' from command line to 'False'
[0.641s] Level 5:colcon.colcon_core.verb:set package 'robot_pressure' build argument 'cmake_clean_cache' from command line to 'False'
[0.641s] Level 5:colcon.colcon_core.verb:set package 'robot_pressure' build argument 'cmake_clean_first' from command line to 'False'
[0.641s] Level 5:colcon.colcon_core.verb:set package 'robot_pressure' build argument 'cmake_force_configure' from command line to 'False'
[0.641s] Level 5:colcon.colcon_core.verb:set package 'robot_pressure' build argument 'ament_cmake_args' from command line to 'None'
[0.641s] Level 5:colcon.colcon_core.verb:set package 'robot_pressure' build argument 'catkin_cmake_args' from command line to 'None'
[0.641s] Level 5:colcon.colcon_core.verb:set package 'robot_pressure' build argument 'catkin_skip_building_tests' from command line to 'False'
[0.641s] DEBUG:colcon.colcon_core.verb:Building package 'robot_pressure' with the following arguments: {'ament_cmake_args': None, 'build_base': '/media/hpz/STOCKAGE2/Projet/robot_project/robot_project/robot_project/ros2_ws/build/robot_pressure', 'catkin_cmake_args': None, 'catkin_skip_building_tests': False, 'cmake_args': None, 'cmake_clean_cache': False, 'cmake_clean_first': False, 'cmake_force_configure': False, 'cmake_target': None, 'cmake_target_skip_unavailable': False, 'install_base': '/media/hpz/STOCKAGE2/Projet/robot_project/robot_project/robot_project/ros2_ws/install/robot_pressure', 'merge_install': False, 'path': '/media/hpz/STOCKAGE2/Projet/robot_project/robot_project/robot_project/ros2_ws/src/robot_pressure', 'symlink_install': True, 'test_result_base': None}
[0.641s] INFO:colcon.colcon_core.executor:Executing jobs using 'parallel' executor
[0.642s] DEBUG:colcon.colcon_parallel_executor.executor.parallel:run_until_complete
[0.643s] INFO:colcon.colcon_ros.task.ament_python.build:Building ROS package in '/media/hpz/STOCKAGE2/Projet/robot_project/robot_project/robot_project/ros2_ws/src/robot_pressure' with build type 'ament_python'
[0.643s] Level 1:colcon.colcon_core.shell:create_environment_hook('robot_pressure', 'ament_prefix_path')
[0.645s] INFO:colcon.colcon_core.plugin_system:Skipping extension 'colcon_core.shell.bat': Not used on non-Windows systems
[0.645s] INFO:colcon.colcon_core.shell:Creating environment hook '/media/hpz/STOCKAGE2/Projet/robot_project/robot_project/robot_project/ros2_ws/install/robot_pressure/share/robot_pressure/hook/ament_prefix_path.ps1'
[0.646s] INFO:colcon.colcon_core.shell:Creating environment descriptor '/media/hpz/STOCKAGE2/Projet/robot_project/robot_project/robot_project/ros2_ws/install/robot_pressure/share/robot_pressure/hook/ament_prefix_path.dsv'
[0.647s] INFO:colcon.colcon_core.shell:Creating environment hook '/media/hpz/STOCKAGE2/Projet/robot_project/robot_project/robot_project/ros2_ws/install/robot_pressure/share/robot_pressure/hook/ament_prefix_path.sh'
[0.648s] INFO:colcon.colcon_core.shell:Skip shell extension 'powershell' for command environment: Not usable outside of PowerShell
[0.648s] DEBUG:colcon.colcon_core.shell:Skip shell extension 'dsv' for command environment
[0.975s] INFO:colcon.colcon_core.task.python.build:Building Python package in '/media/hpz/STOCKAGE2/Projet/robot_project/robot_project/robot_project/ros2_ws/src/robot_pressure'
[0.977s] INFO:colcon.colcon_core.shell:Skip shell extension 'powershell' for command environment: Not usable outside of PowerShell
[0.977s] DEBUG:colcon.colcon_core.shell:Skip shell extension 'dsv' for command environment
[1.457s] DEBUG:colcon.colcon_core.event_handler.log_command:Invoking command in '/media/hpz/STOCKAGE2/Projet/robot_project/robot_project/robot_project/ros2_ws/build/robot_pressure': PYTHONPATH=/media/hpz/STOCKAGE2/Projet/robot_project/robot_project/robot_project/ros2_ws/build/robot_pressure/prefix_override:/usr/lib/python3/dist-packages/colcon_core/task/python/colcon_distutils_commands:/media/hpz/STOCKAGE2/Projet/robot_project/robot_project/robot_project/ros2_ws/install/robot_pressure/lib/python3.8/site-packages:${PYTHONPATH} /usr/bin/python3 -W ignore:setup.py install is deprecated -W ignore:easy_install command is deprecated setup.py develop --editable --build-directory /media/hpz/STOCKAGE2/Projet/robot_project/robot_project/robot_project/ros2_ws/build/robot_pressure/build --no-deps symlink_data
[2.032s] Level 1:colcon.colcon_core.shell:create_environment_hook('robot_pressure', 'pythonpath_develop')
[2.033s] INFO:colcon.colcon_core.shell:Creating environment hook '/media/hpz/STOCKAGE2/Projet/robot_project/robot_project/robot_project/ros2_ws/build/robot_pressure/share/robot_pressure/hook/pythonpath_develop.ps1'
[2.035s] DEBUG:colcon.colcon_core.event_handler.log_command:Invoked command in '/media/hpz/STOCKAGE2/Projet/robot_project/robot_project/robot_project/ros2_ws/build/robot_pressure' returned '0': PYTHONPATH=/media/hpz/STOCKAGE2/Projet/robot_project/robot_project/robot_project/ros2_ws/build/robot_pressure/prefix_override:/usr/lib/python3/dist-packages/colcon_core/task/python/colcon_distutils_commands:/media/hpz/STOCKAGE2/Projet/robot_project/robot_project/robot_project/ros2_ws/install/robot_pressure/lib/python3.8/site-packages:${PYTHONPATH} /usr/bin/python3 -W ignore:setup.py install is deprecated -W ignore:easy_install command is deprecated setup.py develop --editable --build-directory /media/hpz/STOCKAGE2/Projet/robot_project/robot_project/robot_project/ros2_ws/build/robot_pressure/build --no-deps symlink_data
[2.036s] INFO:colcon.colcon_core.shell:Creating environment descriptor '/media/hpz/STOCKAGE2/Projet/robot_project/robot_project/robot_project/ros2_ws/build/robot_pressure/share/robot_pressure/hook/pythonpath_develop.dsv'
[2.037s] INFO:colcon.colcon_core.shell:Creating environment hook '/media/hpz/STOCKAGE2/Projet/robot_project/robot_project/robot_project/ros2_ws/build/robot_pressure/share/robot_pressure/hook/pythonpath_develop.sh'
[2.044s] Level 1:colcon.colcon_core.environment:checking '/media/hpz/STOCKAGE2/Projet/robot_project/robot_project/robot_project/ros2_ws/install/robot_pressure' for CMake module files
[2.044s] Level 1:colcon.colcon_core.environment:checking '/media/hpz/STOCKAGE2/Projet/robot_project/robot_project/robot_project/ros2_ws/install/robot_pressure' for CMake config files
[2.045s] Level 1:colcon.colcon_core.environment:checking '/media/hpz/STOCKAGE2/Projet/robot_project/robot_project/robot_project/ros2_ws/install/robot_pressure/lib'
[2.045s] Level 1:colcon.colcon_core.environment:checking '/media/hpz/STOCKAGE2/Projet/robot_project/robot_project/robot_project/ros2_ws/install/robot_pressure/bin'
[2.045s] Level 1:colcon.colcon_core.shell:create_environment_hook('robot_pressure', 'path')
[2.046s] INFO:colcon.colcon_core.shell:Creating environment hook '/media/hpz/STOCKAGE2/Projet/robot_project/robot_project/robot_project/ros2_ws/install/robot_pressure/share/robot_pressure/hook/path.ps1'
[2.046s] INFO:colcon.colcon_core.shell:Creating environment descriptor '/media/hpz/STOCKAGE2/Projet/robot_project/robot_project/robot_project/ros2_ws/install/robot_pressure/share/robot_pressure/hook/path.dsv'
[2.047s] INFO:colcon.colcon_core.shell:Creating environment hook '/media/hpz/STOCKAGE2/Projet/robot_project/robot_project/robot_project/ros2_ws/install/robot_pressure/share/robot_pressure/hook/path.sh'
[2.047s] Level 1:colcon.colcon_core.environment:checking '/media/hpz/STOCKAGE2/Projet/robot_project/robot_project/robot_project/ros2_ws/install/robot_pressure/lib/pkgconfig/robot_pressure.pc'
[2.048s] Level 1:colcon.colcon_core.environment:checking '/media/hpz/STOCKAGE2/Projet/robot_project/robot_project/robot_project/ros2_ws/install/robot_pressure/lib/python3.8/site-packages'
[2.048s] Level 1:colcon.colcon_core.shell:create_environment_hook('robot_pressure', 'pythonpath')
[2.048s] INFO:colcon.colcon_core.shell:Creating environment hook '/media/hpz/STOCKAGE2/Projet/robot_project/robot_project/robot_project/ros2_ws/install/robot_pressure/share/robot_pressure/hook/pythonpath.ps1'
[2.048s] INFO:colcon.colcon_core.shell:Creating environment descriptor '/media/hpz/STOCKAGE2/Projet/robot_project/robot_project/robot_project/ros2_ws/install/robot_pressure/share/robot_pressure/hook/pythonpath.dsv'
[2.049s] INFO:colcon.colcon_core.shell:Creating environment hook '/media/hpz/STOCKAGE2/Projet/robot_project/robot_project/robot_project/ros2_ws/install/robot_pressure/share/robot_pressure/hook/pythonpath.sh'
[2.049s] Level 1:colcon.colcon_core.environment:checking '/media/hpz/STOCKAGE2/Projet/robot_project/robot_project/robot_project/ros2_ws/install/robot_pressure/bin'
[2.050s] Level 1:colcon.colcon_core.shell:create_environment_hook('robot_pressure', 'pythonscriptspath')
[2.050s] INFO:colcon.colcon_core.shell:Creating environment hook '/media/hpz/STOCKAGE2/Projet/robot_project/robot_project/robot_project/ros2_ws/install/robot_pressure/share/robot_pressure/hook/pythonscriptspath.ps1'
[2.050s] INFO:colcon.colcon_core.shell:Creating environment descriptor '/media/hpz/STOCKAGE2/Projet/robot_project/robot_project/robot_project/ros2_ws/install/robot_pressure/share/robot_pressure/hook/pythonscriptspath.dsv'
[2.051s] INFO:colcon.colcon_core.shell:Creating environment hook '/media/hpz/STOCKAGE2/Projet/robot_project/robot_project/robot_project/ros2_ws/install/robot_pressure/share/robot_pressure/hook/pythonscriptspath.sh'
[2.051s] Level 1:colcon.colcon_core.environment:create_environment_scripts_only(robot_pressure)
[2.052s] INFO:colcon.colcon_core.shell:Creating package script '/media/hpz/STOCKAGE2/Projet/robot_project/robot_project/robot_project/ros2_ws/install/robot_pressure/share/robot_pressure/package.ps1'
[2.053s] INFO:colcon.colcon_core.shell:Creating package descriptor '/media/hpz/STOCKAGE2/Projet/robot_project/robot_project/robot_project/ros2_ws/install/robot_pressure/share/robot_pressure/package.dsv'
[2.054s] INFO:colcon.colcon_core.shell:Creating package script '/media/hpz/STOCKAGE2/Projet/robot_project/robot_project/robot_project/ros2_ws/install/robot_pressure/share/robot_pressure/package.sh'
[2.055s] INFO:colcon.colcon_core.shell:Creating package script '/media/hpz/STOCKAGE2/Projet/robot_project/robot_project/robot_project/ros2_ws/install/robot_pressure/share/robot_pressure/package.bash'
[2.056s] INFO:colcon.colcon_core.shell:Creating package script '/media/hpz/STOCKAGE2/Projet/robot_project/robot_project/robot_project/ros2_ws/install/robot_pressure/share/robot_pressure/package.zsh'
[2.057s] Level 1:colcon.colcon_core.environment:create_file_with_runtime_dependencies(/media/hpz/STOCKAGE2/Projet/robot_project/robot_project/robot_project/ros2_ws/install/robot_pressure/share/colcon-core/packages/robot_pressure)
[2.057s] DEBUG:colcon.colcon_parallel_executor.executor.parallel:closing loop
[2.057s] DEBUG:colcon.colcon_parallel_executor.executor.parallel:loop closed
[2.057s] DEBUG:colcon.colcon_parallel_executor.executor.parallel:run_until_complete finished with '0'
[2.058s] DEBUG:colcon.colcon_core.event_reactor:joining thread
[2.063s] INFO:colcon.colcon_core.plugin_system:Skipping extension 'colcon_notification.desktop_notification.notify_send': Could not find 'notify-send'
[2.063s] INFO:colcon.colcon_core.plugin_system:Skipping extension 'colcon_notification.desktop_notification.terminal_notifier': Not used on non-Darwin systems
[2.063s] INFO:colcon.colcon_core.plugin_system:Skipping extension 'colcon_notification.desktop_notification.win32': Not used on non-Windows systems
[2.064s] INFO:colcon.colcon_notification.desktop_notification:Sending desktop notification using 'notify2'
[2.070s] DEBUG:colcon.colcon_core.event_reactor:joined thread
[2.071s] INFO:colcon.colcon_core.shell:Creating prefix script '/media/hpz/STOCKAGE2/Projet/robot_project/robot_project/robot_project/ros2_ws/install/local_setup.ps1'
[2.072s] INFO:colcon.colcon_core.shell:Creating prefix util module '/media/hpz/STOCKAGE2/Projet/robot_project/robot_project/robot_project/ros2_ws/install/_local_setup_util_ps1.py'
[2.074s] INFO:colcon.colcon_core.shell:Creating prefix chain script '/media/hpz/STOCKAGE2/Projet/robot_project/robot_project/robot_project/ros2_ws/install/setup.ps1'
[2.076s] INFO:colcon.colcon_core.shell:Creating prefix script '/media/hpz/STOCKAGE2/Projet/robot_project/robot_project/robot_project/ros2_ws/install/local_setup.sh'
[2.077s] INFO:colcon.colcon_core.shell:Creating prefix util module '/media/hpz/STOCKAGE2/Projet/robot_project/robot_project/robot_project/ros2_ws/install/_local_setup_util_sh.py'
[2.078s] INFO:colcon.colcon_core.shell:Creating prefix chain script '/media/hpz/STOCKAGE2/Projet/robot_project/robot_project/robot_project/ros2_ws/install/setup.sh'
[2.080s] INFO:colcon.colcon_core.shell:Creating prefix script '/media/hpz/STOCKAGE2/Projet/robot_project/robot_project/robot_project/ros2_ws/install/local_setup.bash'
[2.080s] INFO:colcon.colcon_core.shell:Creating prefix chain script '/media/hpz/STOCKAGE2/Projet/robot_project/robot_project/robot_project/ros2_ws/install/setup.bash'
[2.082s] INFO:colcon.colcon_core.shell:Creating prefix script '/media/hpz/STOCKAGE2/Projet/robot_project/robot_project/robot_project/ros2_ws/install/local_setup.zsh'
[2.083s] INFO:colcon.colcon_core.shell:Creating prefix chain script '/media/hpz/STOCKAGE2/Projet/robot_project/robot_project/robot_project/ros2_ws/install/setup.zsh'
