[0.814s] Invoking command in '/media/hpz/STOCKAGE2/Projet/robot_project/robot_project/robot_project/ros2_ws/build/robot_pressure': PYTHONPATH=/media/hpz/STOCKAGE2/Projet/robot_project/robot_project/robot_project/ros2_ws/build/robot_pressure/prefix_override:/usr/lib/python3/dist-packages/colcon_core/task/python/colcon_distutils_commands:/media/hpz/STOCKAGE2/Projet/robot_project/robot_project/robot_project/ros2_ws/install/robot_pressure/lib/python3.8/site-packages:${PYTHONPATH} /usr/bin/python3 -W ignore:setup.py install is deprecated -W ignore:easy_install command is deprecated setup.py develop --editable --build-directory /media/hpz/STOCKAGE2/Projet/robot_project/robot_project/robot_project/ros2_ws/build/robot_pressure/build --no-deps symlink_data
[1.104s] running develop
[1.275s] running egg_info
[1.275s] creating robot_pressure.egg-info
[1.276s] writing robot_pressure.egg-info/PKG-INFO
[1.276s] writing dependency_links to robot_pressure.egg-info/dependency_links.txt
[1.276s] writing entry points to robot_pressure.egg-info/entry_points.txt
[1.276s] writing requirements to robot_pressure.egg-info/requires.txt
[1.276s] writing top-level names to robot_pressure.egg-info/top_level.txt
[1.277s] writing manifest file 'robot_pressure.egg-info/SOURCES.txt'
[1.316s] reading manifest file 'robot_pressure.egg-info/SOURCES.txt'
[1.317s] writing manifest file 'robot_pressure.egg-info/SOURCES.txt'
[1.358s] running build_ext
[1.358s] Creating /media/hpz/STOCKAGE2/Projet/robot_project/robot_project/robot_project/ros2_ws/install/robot_pressure/lib/python3.8/site-packages/site.py
[1.361s] Creating /media/hpz/STOCKAGE2/Projet/robot_project/robot_project/robot_project/ros2_ws/install/robot_pressure/lib/python3.8/site-packages/robot-pressure.egg-link (link to .)
[1.361s] Installing mock_robot_node script to /media/hpz/STOCKAGE2/Projet/robot_project/robot_project/robot_project/ros2_ws/install/robot_pressure/bin
[1.362s] Installing pressure_node script to /media/hpz/STOCKAGE2/Projet/robot_project/robot_project/robot_project/ros2_ws/install/robot_pressure/bin
[1.362s] 
[1.362s] Installed /media/hpz/STOCKAGE2/Projet/robot_project/robot_project/robot_project/ros2_ws/build/robot_pressure
[1.362s] running symlink_data
[1.363s] creating /media/hpz/STOCKAGE2/Projet/robot_project/robot_project/robot_project/ros2_ws/install/robot_pressure/share/ament_index
[1.363s] creating /media/hpz/STOCKAGE2/Projet/robot_project/robot_project/robot_project/ros2_ws/install/robot_pressure/share/ament_index/resource_index
[1.363s] creating /media/hpz/STOCKAGE2/Projet/robot_project/robot_project/robot_project/ros2_ws/install/robot_pressure/share/ament_index/resource_index/packages
[1.363s] symbolically linking /media/hpz/STOCKAGE2/Projet/robot_project/robot_project/robot_project/ros2_ws/build/robot_pressure/resource/robot_pressure -> /media/hpz/STOCKAGE2/Projet/robot_project/robot_project/robot_project/ros2_ws/install/robot_pressure/share/ament_index/resource_index/packages
[1.363s] symbolically linking /media/hpz/STOCKAGE2/Projet/robot_project/robot_project/robot_project/ros2_ws/build/robot_pressure/package.xml -> /media/hpz/STOCKAGE2/Projet/robot_project/robot_project/robot_project/ros2_ws/install/robot_pressure/share/robot_pressure
[1.363s] creating /media/hpz/STOCKAGE2/Projet/robot_project/robot_project/robot_project/ros2_ws/install/robot_pressure/share/robot_pressure/launch
[1.363s] symbolically linking /media/hpz/STOCKAGE2/Projet/robot_project/robot_project/robot_project/ros2_ws/build/robot_pressure/launch/robot_pressure.launch.py -> /media/hpz/STOCKAGE2/Projet/robot_project/robot_project/robot_project/ros2_ws/install/robot_pressure/share/robot_pressure/launch
[1.363s] creating /media/hpz/STOCKAGE2/Projet/robot_project/robot_project/robot_project/ros2_ws/install/robot_pressure/share/robot_pressure/config
[1.363s] symbolically linking /media/hpz/STOCKAGE2/Projet/robot_project/robot_project/robot_project/ros2_ws/build/robot_pressure/config/params.yaml -> /media/hpz/STOCKAGE2/Projet/robot_project/robot_project/robot_project/ros2_ws/install/robot_pressure/share/robot_pressure/config
[1.391s] Invoked command in '/media/hpz/STOCKAGE2/Projet/robot_project/robot_project/robot_project/ros2_ws/build/robot_pressure' returned '0': PYTHONPATH=/media/hpz/STOCKAGE2/Projet/robot_project/robot_project/robot_project/ros2_ws/build/robot_pressure/prefix_override:/usr/lib/python3/dist-packages/colcon_core/task/python/colcon_distutils_commands:/media/hpz/STOCKAGE2/Projet/robot_project/robot_project/robot_project/ros2_ws/install/robot_pressure/lib/python3.8/site-packages:${PYTHONPATH} /usr/bin/python3 -W ignore:setup.py install is deprecated -W ignore:easy_install command is deprecated setup.py develop --editable --build-directory /media/hpz/STOCKAGE2/Projet/robot_project/robot_project/robot_project/ros2_ws/build/robot_pressure/build --no-deps symlink_data
